src/components/PixelTransition9.tsx(1,8): error TS1259: Module '"E:/solar_panel/frontend/node_modules/@types/react/index"' can only be default-imported using the 'esModuleInterop' flag
src/components/PixelTransition9.tsx(19,11): error TS17004: Cannot use JSX unless the '--jsx' flag is provided.
src/components/PixelTransition9.tsx(25,11): error TS17004: Cannot use JSX unless the '--jsx' flag is provided.
src/components/PixelTransition9.tsx(31,11): error TS17004: Cannot use JSX unless the '--jsx' flag is provided.
src/components/PixelTransition9.tsx(37,11): error TS17004: Cannot use JSX unless the '--jsx' flag is provided.
src/components/PixelTransition9.tsx(43,11): error TS17004: Cannot use JSX unless the '--jsx' flag is provided.
src/components/PixelTransition9.tsx(50,41): error TS2353: Object literal may only specify known properties, and 'type' does not exist in type 'SpringOptions'.
src/components/PixelTransition9.tsx(68,5): error TS17004: Cannot use JSX unless the '--jsx' flag is provided.
src/components/PixelTransition9.tsx(84,9): error TS17004: Cannot use JSX unless the '--jsx' flag is provided.
src/components/PixelTransition9.tsx(90,7): error TS17004: Cannot use JSX unless the '--jsx' flag is provided.
src/components/PixelTransition9.tsx(92,7): error TS17004: Cannot use JSX unless the '--jsx' flag is provided.
src/components/PixelTransition9.tsx(93,9): error TS17004: Cannot use JSX unless the '--jsx' flag is provided.
src/components/PixelTransition9.tsx(94,11): error TS17004: Cannot use JSX unless the '--jsx' flag is provided.
src/components/PixelTransition9.tsx(98,9): error TS17004: Cannot use JSX unless the '--jsx' flag is provided.
src/components/PixelTransition9.tsx(99,11): error TS17004: Cannot use JSX unless the '--jsx' flag is provided.
src/components/PixelTransition9.tsx(100,11): error TS17004: Cannot use JSX unless the '--jsx' flag is provided.
src/components/PixelTransition9.tsx(252,5): error TS17004: Cannot use JSX unless the '--jsx' flag is provided.
src/components/PixelTransition9.tsx(263,7): error TS17004: Cannot use JSX unless the '--jsx' flag is provided.
src/components/PixelTransition9.tsx(281,11): error TS17004: Cannot use JSX unless the '--jsx' flag is provided.
src/components/PixelTransition9.tsx(293,7): error TS17004: Cannot use JSX unless the '--jsx' flag is provided.
src/components/PixelTransition9.tsx(294,9): error TS17004: Cannot use JSX unless the '--jsx' flag is provided.
src/components/PixelTransition9.tsx(296,13): error TS17004: Cannot use JSX unless the '--jsx' flag is provided.
